Microchip MPLAB XC8 PIC(R) Assembler V2.41

Linker command line:

-W-3 \
  --edf=C:/Program Files/Microchip/MPLABX/v6.10/packs/Microchip/PIC16Fxxx_DFP/1.4.149/xc8\pic\dat\20230322214319_en.msgs \
  -cs -h+dist/default/production\Lab2.production.sym \
  --cmf=dist/default/production\Lab2.production.cmf -z -Q16F887 \
  -oC:\Users\Aluno\AppData\Local\Temp\xcAsano.\driver_tmp_3.o \
  -presetVector=0000h -pinterruptVector=0004h --fixupoverflow=error \
  -ver=XC8 PIC(R) Assembler --fixupoverflow=lstwarn \
  -Mdist/default/production/Lab2.production.map -E1 --acfsm=1493 \
  -ACODE=00h-07FFhx4 -ASTRCODE=00h-01FFFh -ASTRING=00h-0FFhx32 \
  -ACONST=00h-0FFhx32 -AENTRY=00h-0FFhx32 -ACOMMON=070h-07Fh \
  -ABANK0=020h-06Fh -ABANK1=0A0h-0EFh -ABANK2=0110h-016Fh \
  -ABANK3=0190h-01EFh -ARAM=020h-06Fh,0A0h-0EFh,0110h-016Fh,0190h-01EFh \
  -AABS1=020h-07Fh,0A0h-0EFh,0110h-016Fh,0190h-01EFh -ASFR0=00h-01Fh \
  -ASFR1=080h-09Fh -ASFR2=0100h-010Fh -ASFR3=0180h-018Fh \
  -ACONFIG=02007h-02008h -DCONFIG=2 -AIDLOC=02000h-02003h -DIDLOC=2 \
  -AEEDATA=00h-0FFh/02100h -DEEDATA=2 -DCODE=2 -DSTRCODE=2 -DSTRING=2 \
  -DCONST=2 -DENTRY=2 build/default/production/main.o 

Object code version is 3.11

Machine type is 16F887



                Name                               Link     Load   Length Selector   Space Scale
build/default/production/main.o
                config                             2007     2007        2        0       4
                mainFunc                              5        5       1F        8       0
                interruptVector                       4        4        1        8       0
                resetVector                           0        0        2        0       0
                globalData1                          70       70        2       70       1
                globalData                           20       20        3       20       1

TOTAL           Name                               Link     Load   Length     Space
        CLASS   CODE           
                mainFunc                              5        5       1F         0
                interruptVector                       4        4        1         0
                resetVector                           0        0        2         0

        CLASS   STRCODE        

        CLASS   STRING         

        CLASS   CONST          

        CLASS   ENTRY          

        CLASS   COMMON         
                globalData1                          70       70        2         1

        CLASS   BANK0          
                globalData                           20       20        3         1

        CLASS   BANK1          

        CLASS   BANK2          

        CLASS   BANK3          

        CLASS   RAM            

        CLASS   ABS1           

        CLASS   SFR0           

        CLASS   SFR1           

        CLASS   SFR2           

        CLASS   SFR3           

        CLASS   CONFIG         
                config                             2007     2007        2         4

        CLASS   IDLOC          

        CLASS   EEDATA         



SEGMENTS        Name                           Load    Length   Top    Selector   Space  Class     Delta

                resetVector                    000000  000002  000002         0       0  CODE        2
                interruptVector                000004  000020  000024         8       0  CODE        2
                globalData                     000020  000003  000023        20       1  BANK0       1
                globalData1                    000070  000002  000072        70       1  COMMON      1


UNUSED ADDRESS RANGES

        Name                Unused          Largest block    Delta
        BANK0            0023-006F             4D           1
        BANK1            00A0-00EF             50           1
        BANK2            0110-016F             60           1
        BANK3            0190-01EF             60           1
        CODE             0002-0003              2           2
                         0024-1FFF            800
        COMMON           0072-007F              E           1
        CONST            0002-0003              2           2
                         0024-1FFF            100
        EEDATA           2100-21FF            100           2
        ENTRY            0002-0003              2           2
                         0024-1FFF            100
        IDLOC            2000-2003              4           2
        RAM              0023-006F             4D           1
                         00A0-00EF             50
                         0110-016F             60
                         0190-01EF             60
        SFR0             0004-0007              4           1
        SFR1             0080-009F             20           1
        SFR2             0100-010F             10           1
        SFR3             0180-018F             10           1
        STRCODE          0002-0003              2           2
                         0024-1FFF           1FDC
        STRING           0002-0003              2           2
                         0024-1FFF            100

                                  Symbol Table

VAR1               globalData      0020
VAR2               globalData      0021
VAR3               globalData      0022
VAR4               globalData1     0070
VAR5               globalData1     0071
__H__absolute__    __absolute__    0000
__Hcode            code            000A
__Hconfig          config          2009
__Hdata            data            000A
__Hedata           edata           000A
__HglobalData      globalData      000A
__HglobalData1     globalData1     000A
__HinterruptVector interruptVector 0005
__HmainFunc        mainFunc        000A
__HresetVector     resetVector     0002
__Hspace_0         (abs)           0024
__Hspace_1         (abs)           0072
__Hspace_3         (abs)           0000
__Hspace_4         (abs)           4010
__Hudata           udata           000A
__Hudata_bank0     udata_bank0     000A
__Hudata_bank1     udata_bank1     000A
__Hudata_bank2     udata_bank2     000A
__Hudata_bank3     udata_bank3     000A
__Hudata_shr       udata_shr       000A
__L__absolute__    __absolute__    0000
__Lcode            code            000A
__Lconfig          config          0000
__Ldata            data            000A
__Ledata           edata           000A
__LglobalData      globalData      000A
__LglobalData1     globalData1     000A
__LinterruptVector interruptVector 0004
__LmainFunc        mainFunc        000A
__LresetVector     resetVector     0000
__Lspace_0         (abs)           0000
__Lspace_1         (abs)           0000
__Lspace_3         (abs)           0000
__Lspace_4         (abs)           0000
__Ludata           udata           000A
__Ludata_bank0     udata_bank0     000A
__Ludata_bank1     udata_bank1     000A
__Ludata_bank2     udata_bank2     000A
__Ludata_bank3     udata_bank3     000A
__Ludata_shr       udata_shr       000A
__S0               (abs)           0024
__S1               (abs)           0072
__S3               (abs)           0000
