Microchip MPLAB XC8 PIC(R) Assembler V2.41

Linker command line:

-W-3 \
  --edf=C:/Program Files/Microchip/MPLABX/v6.10/packs/Microchip/PIC16Fxxx_DFP/1.4.149/xc8\pic\dat\20230322214319_en.msgs \
  -cs -h+dist/default/debug\Lab5.debug.sym \
  --cmf=dist/default/debug\Lab5.debug.cmf -z -Q16F887 \
  -oC:\Users\Aluno\AppData\Local\Temp\xcAs8kg.\driver_tmp_3.o \
  --fixupoverflow=error -ver=XC8 PIC(R) Assembler --fixupoverflow=lstwarn \
  -Mdist/default/debug/Lab5.debug.map -E1 --acfsm=1493 -ACODE=00h-07FFhx4 \
  -ASTRCODE=00h-01FFFh -ASTRING=00h-0FFhx32 -ACONST=00h-0FFhx32 \
  -AENTRY=00h-0FFhx32 -ACOMMON=070h-07Fh -ABANK0=020h-06Fh \
  -ABANK1=0A0h-0EFh -ABANK2=0110h-016Fh -ABANK3=0190h-01EFh \
  -ARAM=020h-06Fh,0A0h-0EFh,0110h-016Fh,0190h-01EFh \
  -AABS1=020h-07Fh,0A0h-0EFh,0110h-016Fh,0190h-01EFh -ASFR0=00h-01Fh \
  -ASFR1=080h-09Fh -ASFR2=0100h-010Fh -ASFR3=0180h-018Fh \
  -ACONFIG=02007h-02008h -DCONFIG=2 -AIDLOC=02000h-02003h -DIDLOC=2 \
  -AEEDATA=00h-0FFh/02100h -DEEDATA=2 -DCODE=2 -DSTRCODE=2 -DSTRING=2 \
  -DCONST=2 -DENTRY=2 build/default/debug/main.o 

Object code version is 3.11

Machine type is 16F887



                Name                               Link     Load   Length Selector   Space Scale
build/default/debug/main.o
                config                             2007     2007        2        0       4
                mainFunc                            7DB      7DB       25      FB6       0
                interruptVector                     7D1      7D1        A      FA2       0
                resetVector                         7CF      7CF        2      F9E       0
                globalData1                          70       70        2       70       1
                globalData                           20       20        4       20       1

TOTAL           Name                               Link     Load   Length     Space
        CLASS   CODE           
                mainFunc                            7DB      7DB       25         0
                interruptVector                     7D1      7D1        A         0
                resetVector                         7CF      7CF        2         0

        CLASS   STRCODE        

        CLASS   STRING         

        CLASS   CONST          

        CLASS   ENTRY          

        CLASS   COMMON         
                globalData1                          70       70        2         1

        CLASS   BANK0          
                globalData                           20       20        4         1

        CLASS   BANK1          

        CLASS   BANK2          

        CLASS   BANK3          

        CLASS   RAM            

        CLASS   ABS1           

        CLASS   SFR0           

        CLASS   SFR1           

        CLASS   SFR2           

        CLASS   SFR3           

        CLASS   CONFIG         
                config                             2007     2007        2         4

        CLASS   IDLOC          

        CLASS   EEDATA         



SEGMENTS        Name                           Load    Length   Top    Selector   Space  Class     Delta

                globalData                     000020  000004  000024        20       1  BANK0       1
                globalData1                    000070  000002  000072        70       1  COMMON      1
                resetVector                    0007CF  000002  0007D1       F9E       0  CODE        2
                interruptVector                0007D1  00000A  0007DB       FA2       0  CODE        2
                mainFunc                       0007DB  000025  000800       FB6       0  CODE        2


UNUSED ADDRESS RANGES

        Name                Unused          Largest block    Delta
        BANK0            0024-006F             4C           1
        BANK1            00A0-00EF             50           1
        BANK2            0110-016F             60           1
        BANK3            0190-01EF             60           1
        CODE             0000-07CE            7CF           2
                         0800-1FFF            800
        COMMON           0072-007F              E           1
        CONST            0000-07CE            100           2
                         0800-1FFF            100
        EEDATA           2100-21FF            100           2
        ENTRY            0000-07CE            100           2
                         0800-1FFF            100
        IDLOC            2000-2003              4           2
        RAM              0024-006F             4C           1
                         00A0-00EF             50
                         0110-016F             60
                         0190-01EF             60
        SFR0             0000-001F             20           1
        SFR1             0080-009F             20           1
        SFR2             0100-010F             10           1
        SFR3             0180-018F             10           1
        STRCODE          0000-07CE            7CF           2
                         0800-1FFF           1800
        STRING           0000-07CE            100           2
                         0800-1FFF            100

                                  Symbol Table

CONTADOR           globalData      0020
STATUS_TEMP        globalData1     0071
VAR1               globalData      0021
VAR2               globalData      0022
VAR3               globalData      0023
W_TEMP             globalData1     0070
__H__absolute__    __absolute__    0000
__Hcode            code            0000
__Hconfig          config          2009
__Hdata            data            0000
__Hedata           edata           0000
__HglobalData      globalData      0000
__HglobalData1     globalData1     0000
__HinterruptVector interruptVector 0000
__HmainFunc        mainFunc        0000
__HresetVector     resetVector     0000
__Hspace_0         (abs)           0800
__Hspace_1         (abs)           0072
__Hspace_3         (abs)           0000
__Hspace_4         (abs)           4010
__Hudata           udata           0000
__Hudata_bank0     udata_bank0     0000
__Hudata_bank1     udata_bank1     0000
__Hudata_bank2     udata_bank2     0000
__Hudata_bank3     udata_bank3     0000
__Hudata_shr       udata_shr       0000
__L__absolute__    __absolute__    0000
__Lcode            code            0000
__Lconfig          config          0000
__Ldata            data            0000
__Ledata           edata           0000
__LglobalData      globalData      0000
__LglobalData1     globalData1     0000
__LinterruptVector interruptVector 0000
__LmainFunc        mainFunc        0000
__LresetVector     resetVector     0000
__Lspace_0         (abs)           0000
__Lspace_1         (abs)           0000
__Lspace_3         (abs)           0000
__Lspace_4         (abs)           0000
__Ludata           udata           0000
__Ludata_bank0     udata_bank0     0000
__Ludata_bank1     udata_bank1     0000
__Ludata_bank2     udata_bank2     0000
__Ludata_bank3     udata_bank3     0000
__Ludata_shr       udata_shr       0000
__S0               (abs)           0800
__S1               (abs)           0072
__S3               (abs)           0000
